2026-07-29T15:12:54.192Z Workday: acehardware - 500 - Internal Server Error
2026-07-29T15:12:59.583Z Ashby: atomicsemi - 404 - Not Found
2026-07-29T15:13:15.308Z Workday: cff - 422 - Unprocessable Entity
2026-07-29T15:13:16.752Z Workday: cliftonlarsonallen - 422 - Unprocessable Entity
2026-07-29T15:13:25.585Z Workday: elkay - 500 - Internal Server Error
2026-07-29T15:13:32.016Z Workday: geico - 500 - Internal Server Error
2026-07-29T15:13:33.268Z Workday: gtsgbu - 403 - Forbidden
2026-07-29T15:13:40.398Z Workday: kar - 422 - Unprocessable Entity
2026-07-29T15:13:47.765Z Ashby: morrishealthtech - 404 - Not Found
2026-07-29T15:13:50.982Z Workday: nordstrom - 500 - Internal Server Error
2026-07-29T15:13:52.017Z Workday: osv-rubicon - 422 - Unprocessable Entity
2026-07-29T15:13:52.081Z Workday: osv-tifec - 422 - Unprocessable Entity
2026-07-29T15:13:53.650Z Workday: plexus - 422 - Unprocessable Entity
2026-07-29T15:13:57.920Z Workday: regions - 500 - Internal Server Error
2026-07-29T15:14:06.250Z Greenhouse: stokespace - 404 - Not Found
2026-07-29T15:14:08.032Z Workday: symbotic - 422 - Unprocessable Entity
2026-07-29T15:14:12.241Z Workday: truist - 500 - Internal Server Error
2026-07-29T15:14:14.595Z Workday: vhr-genband - 422 - Unprocessable Entity
2026-07-29T15:14:14.708Z Workday: vhr-otsuka - 422 - Unprocessable Entity
2026-08-09T16:29:27.853Z Workday: acehardware - 500 - Internal Server Error
2026-08-09T16:30:30.659Z Workday: cff - 422 - Unprocessable Entity
2026-08-09T16:30:35.921Z Workday: cliftonlarsonallen - 422 - Unprocessable Entity
2026-08-09T16:30:58.934Z Workday: elkay - 500 - Internal Server Error
2026-08-09T16:31:19.584Z Workday: geico - 500 - Internal Server Error
2026-08-09T16:31:24.174Z Workday: gtsgbu - 403 - Forbidden
2026-08-09T16:31:39.096Z Workday: idexx - 422 - Unprocessable Entity
2026-08-09T16:31:49.473Z Workday: kar - 422 - Unprocessable Entity
2026-08-09T16:32:10.483Z Eightfold: mlp - 403 - FORBIDDEN
2026-08-09T16:32:12.514Z Ashby: morrishealthtech - 404 - Not Found
2026-08-09T16:32:22.020Z Workday: nordstrom - 500 - Internal Server Error
2026-08-09T16:32:26.263Z Workday: osv-rubicon - 422 - Unprocessable Entity
2026-08-09T16:32:26.630Z Workday: osv-tifec - 422 - Unprocessable Entity
2026-08-09T16:32:26.779Z Workday: otis - 422 - Unprocessable Entity
2026-08-09T16:32:32.304Z Workday: plexus - 422 - Unprocessable Entity
2026-08-09T16:32:44.730Z Workday: regions - 500 - Internal Server Error
2026-08-09T16:33:19.485Z Workday: symbotic - 422 - Unprocessable Entity
2026-08-09T16:33:32.936Z Workday: truist - 500 - Internal Server Error
2026-08-09T16:33:42.821Z Workday: vhr-otsuka - 422 - Unprocessable Entity
2026-08-09T16:33:42.969Z Workday: vhr-genband - 422 - Unprocessable Entity
2026-08-20T17:32:06.704Z Workday: acehardware - 500 - Internal Server Error
2026-08-20T17:32:50.513Z Workday: cff - 422 - Unprocessable Entity
2026-08-20T17:32:54.204Z Workday: cliftonlarsonallen - 422 - Unprocessable Entity
2026-08-20T17:33:11.199Z Workday: elkay - 500 - Internal Server Error
2026-08-20T17:33:24.588Z Workday: geico - 500 - Internal Server Error
2026-08-20T17:33:27.813Z Workday: gtsgbu - 403 - Forbidden
2026-08-20T17:33:36.922Z Workday: idexx - 422 - Unprocessable Entity
2026-08-20T17:33:40.385Z Greenhouse: jobs - 404 - Not Found
2026-08-20T17:33:43.539Z Workday: kar - 422 - Unprocessable Entity
2026-08-20T17:33:56.949Z Eightfold: mlp - 403 - FORBIDDEN
2026-08-20T17:34:04.449Z Workday: nordstrom - 500 - Internal Server Error
2026-08-20T17:34:08.102Z Workday: osv-tifec - 422 - Unprocessable Entity
2026-08-20T17:34:08.135Z Workday: osv-rubicon - 422 - Unprocessable Entity
2026-08-20T17:34:08.146Z Workday: otis - 422 - Unprocessable Entity
2026-08-20T17:34:11.566Z Workday: plexus - 422 - Unprocessable Entity
2026-08-20T17:34:18.636Z Workday: regions - 500 - Internal Server Error
2026-08-20T17:34:51.619Z Workday: symbotic - 422 - Unprocessable Entity
2026-08-20T17:34:56.037Z Workday: truist - 500 - Internal Server Error
2026-08-20T17:35:03.222Z Workday: vhr-genband - 422 - Unprocessable Entity
2026-08-20T17:35:03.568Z Workday: vhr-otsuka - 422 - Unprocessable Entity
2026-08-20T17:35:06.294Z Workday: walmart - 422 - Unprocessable Entity
2026-08-20T19:22:08.576Z Workday: acehardware - 500 - Internal Server Error
2026-08-20T19:22:45.365Z Workday: cff - 422 - Unprocessable Entity
2026-08-20T19:22:48.950Z Workday: cliftonlarsonallen - 422 - Unprocessable Entity
2026-08-20T19:23:04.238Z Workday: elkay - 500 - Internal Server Error
2026-08-20T19:23:18.575Z Workday: geico - 500 - Internal Server Error
2026-08-20T19:23:21.417Z Workday: gtsgbu - 403 - Forbidden
2026-08-20T19:23:30.335Z Workday: idexx - 422 - Unprocessable Entity
2026-08-20T19:23:37.860Z Workday: kar - 422 - Unprocessable Entity
2026-08-20T19:23:52.381Z Eightfold: mlp - 403 - FORBIDDEN
2026-08-20T19:24:00.680Z Workday: nordstrom - 500 - Internal Server Error
2026-08-20T19:24:03.935Z Workday: osv-rubicon - 422 - Unprocessable Entity
2026-08-20T19:24:04.394Z Workday: osv-tifec - 422 - Unprocessable Entity
2026-08-20T19:24:04.586Z Workday: otis - 422 - Unprocessable Entity
2026-08-20T19:24:07.428Z Workday: plexus - 422 - Unprocessable Entity
2026-08-20T19:24:15.258Z Workday: regions - 500 - Internal Server Error
2026-08-20T19:24:40.253Z Workday: symbotic - 422 - Unprocessable Entity
2026-08-20T19:24:50.101Z Workday: truist - 500 - Internal Server Error
2026-08-20T19:24:56.123Z Workday: vhr-genband - 422 - Unprocessable Entity
2026-08-20T19:24:56.179Z Workday: vhr-otsuka - 422 - Unprocessable Entity
2026-08-20T19:24:58.458Z Workday: walmart - 422 - Unprocessable Entity
2026-09-01T22:29:35.343Z Workday: acehardware - 500 - Internal Server Error
2026-09-01T22:29:50.340Z Eightfold: apply.careers.microsoft.com - 429 - TOO MANY REQUESTS
2026-09-01T22:30:07.120Z Workday: cff - 422 - Unprocessable Entity
2026-09-01T22:30:10.060Z Workday: cliftonlarsonallen - 422 - Unprocessable Entity
2026-09-01T22:30:10.572Z Workday: cmu - 422 - Unprocessable Entity
2026-09-01T22:30:11.672Z Workday: comcast - 410 - Gone
2026-09-01T22:30:25.281Z Workday: elkay - 500 - Internal Server Error
2026-09-01T22:30:34.448Z Workday: geico - 500 - Internal Server Error
2026-09-01T22:30:35.060Z Greenhouse: glossgenius - 404 - Not Found
2026-09-01T22:30:36.810Z Workday: gtsgbu - 403 - Forbidden
2026-09-01T22:30:45.056Z Workday: idexx - 422 - Unprocessable Entity
2026-09-01T22:30:48.179Z Greenhouse: jobs - 404 - Not Found
2026-09-01T22:30:50.317Z Workday: kar - 422 - Unprocessable Entity
2026-09-01T22:30:59.958Z Eightfold: mlp - 403 - FORBIDDEN
2026-09-01T22:31:00.888Z Greenhouse: mqreferrals - 404 - Not Found
2026-09-01T22:31:05.350Z Workday: nordstrom - 500 - Internal Server Error
2026-09-01T22:31:07.039Z Workday: osv-rubicon - 422 - Unprocessable Entity
2026-09-01T22:31:07.267Z Workday: osv-tifec - 422 - Unprocessable Entity
2026-09-01T22:31:07.457Z Workday: otis - 422 - Unprocessable Entity
2026-09-01T22:31:09.397Z Workday: plexus - 422 - Unprocessable Entity
2026-09-01T22:31:14.478Z Workday: regions - 500 - Internal Server Error
2026-09-01T22:31:28.808Z Lever: SprinterHealth - 404 - Not Found
2026-09-01T22:31:32.056Z Workday: symbotic - 422 - Unprocessable Entity
2026-09-01T22:31:38.137Z Workday: truist - 500 - Internal Server Error
2026-09-01T22:31:42.011Z Workday: vhr-genband - 422 - Unprocessable Entity
2026-09-01T22:31:42.427Z Workday: vhr-otsuka - 422 - Unprocessable Entity
2026-09-01T22:31:43.602Z Workday: walmart - 422 - Unprocessable Entity
2026-09-01T22:51:47.082Z Workday: acehardware - 500 - Internal Server Error
2026-09-01T22:52:12.455Z Workday: cff - 422 - Unprocessable Entity
2026-09-01T22:52:14.654Z Workday: cliftonlarsonallen - 422 - Unprocessable Entity
2026-09-01T22:52:15.377Z Workday: cmu - 422 - Unprocessable Entity
2026-09-01T22:52:16.147Z Workday: comcast - 410 - Gone
2026-09-01T22:52:24.591Z Workday: elkay - 500 - Internal Server Error
2026-09-01T22:52:34.254Z Workday: geico - 500 - Internal Server Error
2026-09-01T22:52:34.529Z Greenhouse: glossgenius - 404 - Not Found
2026-09-01T22:52:36.526Z Workday: gtsgbu - 403 - Forbidden
2026-09-01T22:52:44.352Z Workday: idexx - 422 - Unprocessable Entity
2026-09-01T22:52:48.084Z Greenhouse: jobs - 404 - Not Found
2026-09-01T22:52:50.207Z Workday: kar - 422 - Unprocessable Entity
2026-09-01T22:52:59.759Z Eightfold: mlp - 403 - FORBIDDEN
2026-09-01T22:53:00.805Z Greenhouse: mqreferrals - 404 - Not Found
2026-09-01T22:53:04.737Z Workday: nordstrom - 500 - Internal Server Error
2026-09-01T22:53:06.936Z Workday: osv-rubicon - 422 - Unprocessable Entity
2026-09-01T22:53:07.083Z Workday: osv-tifec - 422 - Unprocessable Entity
2026-09-01T22:53:07.313Z Workday: otis - 422 - Unprocessable Entity
2026-09-01T22:53:09.536Z Workday: plexus - 422 - Unprocessable Entity
2026-09-01T22:53:14.106Z Workday: regions - 500 - Internal Server Error
2026-09-01T22:53:25.717Z Lever: SprinterHealth - 404 - Not Found
2026-09-01T22:53:28.595Z Workday: symbotic - 422 - Unprocessable Entity
2026-09-01T22:53:34.565Z Workday: truist - 500 - Internal Server Error
2026-09-01T22:53:38.526Z Workday: vhr-genband - 422 - Unprocessable Entity
2026-09-01T22:53:38.639Z Workday: vhr-otsuka - 422 - Unprocessable Entity
2026-09-01T22:53:39.790Z Workday: walmart - 422 - Unprocessable Entity
2026-10-02T08:41:28.186Z Workday: acehardware - 500 - Internal Server Error
2026-10-02T08:41:33.493Z Eightfold: apply.careers.microsoft.com - 429 - Too Many Requests
2026-10-02T08:41:41.308Z Lever: calstart - 404 - Not Found
2026-10-02T08:41:42.520Z Greenhouse: careers - 404 - Not Found
2026-10-02T08:41:47.014Z Workday: cff - 422 - Unprocessable Entity
2026-10-02T08:41:49.110Z Workday: cliftonlarsonallen - 422 - Unprocessable Entity
2026-10-02T08:41:49.364Z Workday: cmu - 422 - Unprocessable Entity
2026-10-02T08:41:50.546Z Workday: comcast - 422 - Unprocessable Entity
2026-10-02T08:41:54.021Z Workday: dell - 422 - Unprocessable Entity
2026-10-02T08:41:57.237Z Workday: elkay - 500 - Internal Server Error
2026-10-02T08:41:58.260Z Greenhouse: equipmentshare - 404 - Not Found
2026-10-02T08:41:58.913Z Ashby: evenup - 404 - Not Found
2026-10-02T08:42:03.925Z Greenhouse: getfiber - 404 - Not Found
2026-10-02T08:42:04.318Z Workday: geico - 500 - Internal Server Error
2026-10-02T08:42:04.514Z Greenhouse: glossgenius - 404 - Not Found
2026-10-02T08:42:05.897Z Workday: gtsgbu - 403 - Forbidden
2026-10-02T08:42:09.334Z Greenhouse: hudsonrivertrading - 404 - Not Found
2026-10-02T08:42:10.613Z Workday: idexx - 422 - Unprocessable Entity
2026-10-02T08:42:11.038Z Greenhouse: instabase - 404 - Not Found
2026-10-02T08:42:12.899Z Greenhouse: jobs - 404 - Not Found
2026-10-02T08:42:14.410Z Workday: kar - 422 - Unprocessable Entity
2026-10-02T08:42:18.131Z Ashby: luma-ai - 404 - Not Found
2026-10-02T08:42:21.980Z Eightfold: mlp - 403 - FORBIDDEN
2026-10-02T08:42:22.784Z Greenhouse: mqreferrals - 404 - Not Found
2026-10-02T08:42:25.117Z Workday: nio - 422 - Unprocessable Entity
2026-10-02T08:42:25.621Z Workday: nordstrom - 500 - Internal Server Error
2026-10-02T08:42:26.928Z Workday: osv-rubicon - 422 - Unprocessable Entity
2026-10-02T08:42:26.979Z Workday: osv-tifec - 422 - Unprocessable Entity
2026-10-02T08:42:27.033Z Workday: otis - 422 - Unprocessable Entity
2026-10-02T08:42:28.572Z Workday: plexus - 422 - Unprocessable Entity
2026-10-02T08:42:28.778Z Greenhouse: postman - 404 - Not Found
2026-10-02T08:42:32.781Z Workday: regions - 500 - Internal Server Error
2026-10-02T08:42:36.487Z Lever: saronic - 404 - Not Found
2026-10-02T08:42:40.390Z Greenhouse: skyscanner - 404 - Not Found
2026-10-02T08:42:42.386Z Lever: SprinterHealth - 404 - Not Found
2026-10-02T08:42:43.529Z Greenhouse: stepstonegroup - 404 - Not Found
2026-10-02T08:42:43.700Z Greenhouse: stokespace - 404 - Not Found
2026-10-02T08:42:49.949Z Workday: truist - 500 - Internal Server Error
2026-10-02T08:42:52.679Z Workday: vhr-otsuka - 422 - Unprocessable Entity
2026-10-02T08:42:52.722Z Workday: vhr-genband - 422 - Unprocessable Entity
2026-10-02T08:42:54.704Z Ashby: whatnot - 404 - Not Found
2026-10-02T08:42:55.937Z Greenhouse: x - 404 - Not Found
2026-10-02T08:44:46.415Z Workday: acehardware - 500 - Internal Server Error
2026-10-02T08:44:59.980Z Lever: calstart - 404 - Not Found
2026-10-02T08:45:01.104Z Greenhouse: careers - 404 - Not Found
2026-10-02T08:45:06.560Z Workday: cff - 422 - Unprocessable Entity
2026-10-02T08:45:09.030Z Workday: cliftonlarsonallen - 422 - Unprocessable Entity
2026-10-02T08:45:09.396Z Workday: cmu - 422 - Unprocessable Entity
2026-10-02T08:45:10.448Z Workday: comcast - 422 - Unprocessable Entity
2026-10-02T08:45:14.239Z Workday: dell - 422 - Unprocessable Entity
2026-10-02T08:45:17.389Z Workday: elkay - 500 - Internal Server Error
2026-10-02T08:45:18.548Z Greenhouse: equipmentshare - 404 - Not Found
2026-10-02T08:45:19.086Z Ashby: evenup - 404 - Not Found
2026-10-02T08:45:23.785Z Greenhouse: getfiber - 404 - Not Found
2026-10-02T08:45:24.455Z Greenhouse: glossgenius - 404 - Not Found
2026-10-02T08:45:24.462Z Workday: geico - 500 - Internal Server Error
2026-10-02T08:45:27.113Z Workday: gtsgbu - 403 - Forbidden
2026-10-02T08:45:31.582Z Greenhouse: hudsonrivertrading - 404 - Not Found
2026-10-02T08:45:32.840Z Workday: idexx - 422 - Unprocessable Entity
2026-10-02T08:45:33.552Z Greenhouse: instabase - 404 - Not Found
2026-10-02T08:45:35.200Z Greenhouse: jobs - 404 - Not Found
2026-10-02T08:45:36.826Z Workday: kar - 422 - Unprocessable Entity
2026-10-02T08:45:40.916Z Ashby: luma-ai - 404 - Not Found
2026-10-02T08:45:44.753Z Eightfold: mlp - 403 - FORBIDDEN
2026-10-02T08:45:45.650Z Greenhouse: mqreferrals - 404 - Not Found
2026-10-02T08:45:47.920Z Workday: nio - 422 - Unprocessable Entity
2026-10-02T08:45:48.523Z Workday: nordstrom - 500 - Internal Server Error
2026-10-02T08:45:49.927Z Workday: osv-rubicon - 422 - Unprocessable Entity
2026-10-02T08:45:49.928Z Workday: osv-tifec - 422 - Unprocessable Entity
2026-10-02T08:45:49.929Z Workday: otis - 422 - Unprocessable Entity
2026-10-02T08:45:51.546Z Workday: plexus - 422 - Unprocessable Entity
2026-10-02T08:45:51.864Z Greenhouse: postman - 404 - Not Found
2026-10-02T08:45:55.786Z Workday: regions - 500 - Internal Server Error
2026-10-02T08:45:59.726Z Lever: saronic - 404 - Not Found
2026-10-02T08:46:03.291Z Greenhouse: skyscanner - 404 - Not Found
2026-10-02T08:46:05.619Z Lever: SprinterHealth - 404 - Not Found
2026-10-02T08:46:06.726Z Greenhouse: stepstonegroup - 404 - Not Found
2026-10-02T08:46:06.884Z Greenhouse: stokespace - 404 - Not Found
2026-10-02T08:46:13.110Z Workday: truist - 500 - Internal Server Error
2026-10-02T08:46:15.993Z Workday: vhr-genband - 422 - Unprocessable Entity
2026-10-02T08:46:15.994Z Workday: vhr-otsuka - 422 - Unprocessable Entity
2026-10-02T08:46:18.214Z Ashby: whatnot - 404 - Not Found
2026-10-02T08:46:19.316Z Greenhouse: x - 404 - Not Found
2026-10-02T09:27:39.234Z Workday: acehardware - 500 - Internal Server Error
2026-10-02T09:27:53.416Z Lever: calstart - 404 - Not Found
2026-10-02T09:27:54.927Z Greenhouse: careers - 404 - Not Found
2026-10-02T09:28:01.871Z Workday: cff - 422 - Unprocessable Entity
2026-10-02T09:28:03.901Z Workday: cliftonlarsonallen - 422 - Unprocessable Entity
2026-10-02T09:28:04.167Z Workday: cmu - 422 - Unprocessable Entity
2026-10-02T09:28:05.096Z Workday: comcast - 422 - Unprocessable Entity
2026-10-02T09:28:08.494Z Workday: dell - 422 - Unprocessable Entity
2026-10-02T09:28:12.162Z Workday: elkay - 500 - Internal Server Error
2026-10-02T09:28:12.946Z Greenhouse: equipmentshare - 404 - Not Found
2026-10-02T09:28:13.350Z Ashby: evenup - 404 - Not Found
2026-10-02T09:28:18.317Z Greenhouse: getfiber - 404 - Not Found
2026-10-02T09:28:18.622Z Workday: geico - 500 - Internal Server Error
2026-10-02T09:28:18.771Z Greenhouse: glossgenius - 404 - Not Found
2026-10-02T09:28:20.311Z Workday: gtsgbu - 403 - Forbidden
2026-10-02T09:28:24.097Z Greenhouse: hudsonrivertrading - 404 - Not Found
2026-10-02T09:28:25.420Z Workday: idexx - 422 - Unprocessable Entity
2026-10-02T09:28:25.863Z Greenhouse: instabase - 404 - Not Found
2026-10-02T09:28:27.687Z Greenhouse: jobs - 404 - Not Found
2026-10-02T09:28:29.334Z Workday: kar - 422 - Unprocessable Entity
2026-10-02T09:28:33.524Z Ashby: luma-ai - 404 - Not Found
2026-10-02T09:28:37.948Z Eightfold: mlp - 403 - FORBIDDEN
2026-10-02T09:28:38.712Z Greenhouse: mqreferrals - 404 - Not Found
2026-10-02T09:28:41.298Z Workday: nio - 422 - Unprocessable Entity
2026-10-02T09:28:42.052Z Workday: nordstrom - 500 - Internal Server Error
2026-10-02T09:28:43.837Z Workday: osv-rubicon - 422 - Unprocessable Entity
2026-10-02T09:28:43.862Z Workday: osv-tifec - 422 - Unprocessable Entity
2026-10-02T09:28:43.895Z Workday: otis - 422 - Unprocessable Entity
2026-10-02T09:28:46.244Z Workday: plexus - 422 - Unprocessable Entity
2026-10-02T09:28:46.385Z Greenhouse: postman - 404 - Not Found
2026-10-02T09:28:50.630Z Workday: regions - 500 - Internal Server Error
2026-10-02T09:28:54.688Z Lever: saronic - 404 - Not Found
2026-10-02T09:28:58.485Z Greenhouse: skyscanner - 404 - Not Found
2026-10-02T09:29:01.123Z Lever: SprinterHealth - 404 - Not Found
2026-10-02T09:29:03.774Z Greenhouse: stepstonegroup - 404 - Not Found
2026-10-02T09:29:03.868Z Greenhouse: stokespace - 404 - Not Found
2026-10-02T09:29:10.457Z Workday: truist - 500 - Internal Server Error
2026-10-02T09:29:13.292Z Workday: vhr-genband - 422 - Unprocessable Entity
2026-10-02T09:29:13.318Z Workday: vhr-otsuka - 422 - Unprocessable Entity
2026-10-02T09:29:15.605Z Ashby: whatnot - 404 - Not Found
2026-10-02T09:29:16.657Z Greenhouse: x - 404 - Not Found
2026-10-02T10:00:02.670Z Workday: acehardware - 500 - Internal Server Error
2026-10-02T10:00:08.125Z Eightfold: apply.careers.microsoft.com - 429 - Too Many Requests
2026-10-02T10:00:18.917Z Lever: calstart - 404 - Not Found
2026-10-02T10:00:20.728Z Greenhouse: careers - 404 - Not Found
2026-10-02T10:00:27.894Z Workday: cff - 422 - Unprocessable Entity
2026-10-02T10:00:30.260Z Workday: cliftonlarsonallen - 422 - Unprocessable Entity
2026-10-02T10:00:30.420Z Workday: cmu - 422 - Unprocessable Entity
2026-10-02T10:00:31.541Z Workday: comcast - 422 - Unprocessable Entity
2026-10-02T10:00:36.073Z Workday: dell - 422 - Unprocessable Entity
2026-10-02T10:00:42.779Z Greenhouse: equipmentshare - 404 - Not Found
2026-10-02T10:00:43.343Z Ashby: evenup - 404 - Not Found
2026-10-02T10:00:45.916Z Workday: elkay - 500 - Internal Server Error
2026-10-02T10:00:51.088Z Greenhouse: getfiber - 404 - Not Found
2026-10-02T10:00:51.495Z Workday: geico - 500 - Internal Server Error
2026-10-02T10:00:51.653Z Greenhouse: glossgenius - 404 - Not Found
2026-10-02T10:00:53.322Z Workday: gtsgbu - 403 - Forbidden
2026-10-02T10:00:57.629Z Greenhouse: hudsonrivertrading - 404 - Not Found
2026-10-02T10:00:58.674Z Workday: idexx - 422 - Unprocessable Entity
2026-10-02T10:00:59.476Z Greenhouse: instabase - 404 - Not Found
2026-10-02T10:01:01.681Z Greenhouse: jobs - 404 - Not Found
2026-10-02T10:01:03.378Z Workday: kar - 422 - Unprocessable Entity
2026-10-02T10:01:09.062Z Ashby: luma-ai - 404 - Not Found
2026-10-02T10:01:13.363Z Eightfold: mlp - 403 - FORBIDDEN
2026-10-02T10:01:14.300Z Greenhouse: mqreferrals - 404 - Not Found
2026-10-02T10:01:17.330Z Workday: nio - 422 - Unprocessable Entity
2026-10-02T10:01:18.348Z Workday: nordstrom - 500 - Internal Server Error
2026-10-02T10:01:20.182Z Workday: osv-rubicon - 422 - Unprocessable Entity
2026-10-02T10:01:20.463Z Workday: osv-tifec - 422 - Unprocessable Entity
2026-10-02T10:01:20.597Z Workday: otis - 422 - Unprocessable Entity
2026-10-02T10:01:23.496Z Workday: plexus - 422 - Unprocessable Entity
2026-10-02T10:01:23.969Z Greenhouse: postman - 404 - Not Found
2026-10-02T10:01:28.068Z Workday: regions - 500 - Internal Server Error
2026-10-02T10:01:32.400Z Lever: saronic - 404 - Not Found
2026-10-02T10:01:36.346Z Greenhouse: skyscanner - 404 - Not Found
2026-10-02T10:01:40.260Z Lever: SprinterHealth - 404 - Not Found
2026-10-02T10:01:40.434Z Greenhouse: stepstonegroup - 404 - Not Found
2026-10-02T10:01:40.518Z Greenhouse: stokespace - 404 - Not Found
2026-10-02T10:01:47.964Z Workday: truist - 500 - Internal Server Error
2026-10-02T10:01:50.999Z Workday: vhr-otsuka - 422 - Unprocessable Entity
2026-10-02T10:01:51.017Z Workday: vhr-genband - 422 - Unprocessable Entity
2026-10-02T10:01:54.815Z Ashby: whatnot - 404 - Not Found
2026-10-02T10:01:56.145Z Greenhouse: x - 404 - Not Found
